[自动热重载] 已开启代码文件保存后自动热重载（不支持 json）
[自动热重载] 已开启代码文件保存后自动热重载（不支持 json）
[自动热重载] 已开启代码文件保存后自动热重载（不支持 json）
[自动热重载] 已开启代码文件保存后自动热重载（不支持 json）
[自动热重载] 已开启代码文件保存后自动热重载（不支持 json）
VM7058 devtoolsconfig.js:3 无效的 app.json ["componentFramework"]
(anonymous) @ VM7058 devtoolsconfig.js:3
WAServiceMainContext.js?t=wechat&s=1767495668499&v=3.13.1:1 [system] WeChatLib: 3.13.1 (2025.12.30 12:32:36)
WAServiceMainContext.js?t=wechat&s=1767495668499&v=3.13.1:1 [system] Subpackages: N/A
WAServiceMainContext.js?t=wechat&s=1767495668499&v=3.13.1:1 [system] LazyCodeLoading: true
WAServiceMainContext.js?t=wechat&s=1767495668499&v=3.13.1:1 [Perf] 全局自定义组件可能影响按需注入的效果，请谨慎使用（在 app.json 中检测到 1 个）。
参考 https://developers.weixin.qq.com/miniprogram/dev/framework/ability/lazyload.html
(anonymous) @ WAServiceMainContext.js?t=wechat&s=1767495668499&v=3.13.1:1
(anonymous) @ WAServiceMainContext.js?t=wechat&s=1767495668499&v=3.13.1:1
(anonymous) @ WAServiceMainContext.js?t=wechat&s=1767495668499&v=3.13.1:1
a @ WAServiceMainContext.js?t=wechat&s=1767495668499&v=3.13.1:1
_privEmit @ WAServiceMainContext.js?t=wechat&s=1767495668499&v=3.13.1:1
emit @ WAServiceMainContext.js?t=wechat&s=1767495668499&v=3.13.1:1
qe @ WAServiceMainContext.js?t=wechat&s=1767495668499&v=3.13.1:1
et @ WAServiceMainContext.js?t=wechat&s=1767495668499&v=3.13.1:1
(anonymous) @ WAServiceMainContext.js?t=wechat&s=1767495668499&v=3.13.1:1
(anonymous) @ WAServiceMainContext.js?t=wechat&s=1767495668499&v=3.13.1:1
_emit @ WAServiceMainContext.js?t=wechat&s=1767495668499&v=3.13.1:1
emit @ WAServiceMainContext.js?t=wechat&s=1767495668499&v=3.13.1:1
c @ VM9 asdebug.js:1
__unblock @ VM9 asdebug.js:1
handleWxConfigReady @ VM9 asdebug.js:1
(anonymous) @ VM7068:10
Promise.then (async)
(anonymous) @ VM7068:5
loadScripts @ assubloader.js:1
(anonymous) @ assubloader.js:1
e @ assubloader.js:1
(anonymous) @ assubloader.js:1
Promise.then (async)
e @ assubloader.js:1
(anonymous) @ assubloader.js:1
Promise.then (async)
e @ assubloader.js:1
(anonymous) @ assubloader.js:1
Promise.then (async)
e @ assubloader.js:1
(anonymous) @ assubloader.js:1
Promise.then (async)
e @ assubloader.js:1
proceedAsyncTasks @ assubloader.js:1
submitSerialAsyncTasks @ assubloader.js:1
(anonymous) @ VM7053:2
t.loadScripts @ VM9 asdebug.js:1
loadAppService @ VM9 asdebug.js:1
messagerCallback @ VM9 asdebug.js:1
(anonymous) @ VM9 asdebug.js:1
g @ VM9 asdebug.js:1
f @ VM9 asdebug.js:1
(anonymous) @ VM9 asdebug.js:1
_ws.onmessage @ VM9 asdebug.js:1
WAServiceMainContext.js?t=wechat&s=1767495668499&v=3.13.1:1 Lazy code loading is enabled. Only injecting required components.
VM7100:4 Sun Jan 04 2026 11:09:19 GMT+0800 (香港标准时间) 文章推荐
VM7100:6 %cgetSystemInfo API 提示 font-weight: bold;
(anonymous) @ VM7100:6
(anonymous) @ VM7100:16
VM7100:8 小程序基础库从 3.7.0 起正式支持 HarmonyOS 平台，开发者可通过 wx.getDeviceInfo() 判断平台进行兼容处理，让小程序在 HarmonyOS 也获得最佳体验，查看指引[https://developers.weixin.qq.com/community/develop/doc/00008e041106f0259bb33530164409]
VM7100:9 关于上述警告，点击查看更多信息：https://developers.weixin.qq.com/community/develop/doc/00008e041106f0259bb33530164409]
WAServiceMainContext.js?t=wechat&s=1767495668499&v=3.13.1:1 [Perf] App.onLaunch took 54ms
Bd @ WAServiceMainContext.js?t=wechat&s=1767495668499&v=3.13.1:1
(anonymous) @ WAServiceMainContext.js?t=wechat&s=1767495668499&v=3.13.1:1
n @ WAServiceMainContext.js?t=wechat&s=1767495668499&v=3.13.1:1
(anonymous) @ WASubContext.js?t=wechat&s=1767495668499&v=3.13.1:1
Jr @ WASubContext.js?t=wechat&s=1767495668499&v=3.13.1:1
(anonymous) @ WASubContext.js?t=wechat&s=1767495668499&v=3.13.1:1
(anonymous) @ WASubContext.js?t=wechat&s=1767495668499&v=3.13.1:1
(anonymous) @ app.ts:2
(anonymous) @ WASubContext.js?t=wechat&s=1767495668499&v=3.13.1:1
runWith @ WASubContext.js?t=wechat&s=1767495668499&v=3.13.1:1
q @ WASubContext.js?t=wechat&s=1767495668499&v=3.13.1:1
(anonymous) @ VM7128 index.js:7
doWhenAllScriptLoaded @ VM7106:388
scriptLoaded @ VM7106:416
(anonymous) @ VM7106:441
Promise.then (async)
(anonymous) @ VM7106:462
(anonymous) @ VM7106:466
loadScripts @ assubloader.js:1
async function (async)
loadScripts @ assubloader.js:1
loadAppResourceScripts @ assubloader.js:1
(anonymous) @ appservice.app.js:5
evalScript @ VM12 subasdebug.js:1
I @ VM12 subasdebug.js:1
t.loadJsFiles @ VM12 subasdebug.js:1
batchLoadJsFiles @ WAServiceMainContext.js?t=wechat&s=1767495668499&v=3.13.1:1
loadJsFiles @ WAServiceMainContext.js?t=wechat&s=1767495668499&v=3.13.1:1
L @ WAServiceMainContext.js?t=wechat&s=1767495668499&v=3.13.1:1
(anonymous) @ WAServiceMainContext.js?t=wechat&s=1767495668499&v=3.13.1:1
(anonymous) @ WAServiceMainContext.js?t=wechat&s=1767495668499&v=3.13.1:1
wrapComponentsInjection @ WAServiceMainContext.js?t=wechat&s=1767495668499&v=3.13.1:1
wrapSubPackagesInjection @ WAServiceMainContext.js?t=wechat&s=1767495668499&v=3.13.1:1
B @ WAServiceMainContext.js?t=wechat&s=1767495668499&v=3.13.1:1
(anonymous) @ WAServiceMainContext.js?t=wechat&s=1767495668499&v=3.13.1:1
(anonymous) @ WAServiceMainContext.js?t=wechat&s=1767495668499&v=3.13.1:1
c.emit @ WAServiceMainContext.js?t=wechat&s=1767495668499&v=3.13.1:1
emit @ WAServiceMainContext.js?t=wechat&s=1767495668499&v=3.13.1:1
(anonymous) @ WAServiceMainContext.js?t=wechat&s=1767495668499&v=3.13.1:1
(anonymous) @ WAServiceMainContext.js?t=wechat&s=1767495668499&v=3.13.1:1
(anonymous) @ WAServiceMainContext.js?t=wechat&s=1767495668499&v=3.13.1:1
(anonymous) @ WAServiceMainContext.js?t=wechat&s=1767495668499&v=3.13.1:1
_emit @ WAServiceMainContext.js?t=wechat&s=1767495668499&v=3.13.1:1
emit @ WAServiceMainContext.js?t=wechat&s=1767495668499&v=3.13.1:1
c @ VM9 asdebug.js:1
r @ VM9 asdebug.js:1
(anonymous) @ VM7068:13
Promise.then (async)
(anonymous) @ VM7068:5
loadScripts @ assubloader.js:1
(anonymous) @ assubloader.js:1
e @ assubloader.js:1
(anonymous) @ assubloader.js:1
Promise.then (async)
e @ assubloader.js:1
(anonymous) @ assubloader.js:1
Promise.then (async)
e @ assubloader.js:1
(anonymous) @ assubloader.js:1
Promise.then (async)
e @ assubloader.js:1
(anonymous) @ assubloader.js:1
Promise.then (async)
e @ assubloader.js:1
proceedAsyncTasks @ assubloader.js:1
submitSerialAsyncTasks @ assubloader.js:1
(anonymous) @ VM7053:2
t.loadScripts @ VM9 asdebug.js:1
loadAppService @ VM9 asdebug.js:1
messagerCallback @ VM9 asdebug.js:1
(anonymous) @ VM9 asdebug.js:1
g @ VM9 asdebug.js:1
f @ VM9 asdebug.js:1
(anonymous) @ VM9 asdebug.js:1
_ws.onmessage @ VM9 asdebug.js:1
[基础库] 正在使用灰度中的基础库 3.13.1 进行调试。如有问题，请前往工具栏-详情-本地设置更改基础库版本。
[渲染层网络层错误] Failed to load font https://tdesign.gtimg.com/icon/0.4.0/fonts/t.woff
net::ERR_CACHE_MISS 
(env: Windows,mp,1.06.2303220; lib: 3.13.1)
devtoolsconfig.js?t=wechat&s=1767495668499&v=5d33fb5f6a53b5d4e759cf99d5b4d443:3 无效的 app.json ["componentFramework"]
(anonymous) @ devtoolsconfig.js?t=wechat&s=1767495668499&v=5d33fb5f6a53b5d4e759cf99d5b4d443:3
WAServiceMainContext.js?t=wechat&s=1767495668499&v=3.13.1:1 [system] Launch Time: 2593 ms
app.ts:13 0e3xDgGa12A8XK0v83Ha1iXbm54xDgGa
auth.js? [sm]:23 wx-user-v2 登录成功: oSSUj7UhrEelNk-4pttrJp1_DUJU
worker.js?libName=WAAccelerateWorker.js:1 [Deprecation] SharedArrayBuffer will require cross-origin isolation as of M92, around July 2021. See https://developer.chrome.com/blog/enabling-shared-array-buffer/ for more details.
t.onmessage @ worker.js?libName=WAAccelerateWorker.js:1
VM9 asdebug.js:1 POST https://cloud1-0g2coyy919fac611.api.tcloudbasegateway.com/v1/ai/hunyuan-exp/chat/completions net::ERR_CONNECTION_RESET 200 (OK)(env: Windows,mp,1.06.2303220; lib: 3.13.1)
b @ VM9 asdebug.js:1
createRequestTask @ VM9 asdebug.js:1
invoke @ VM9 asdebug.js:1
r @ VM9 asdebug.js:1
invoke @ WAServiceMainContext.js?t=wechat&s=1767495668499&v=3.13.1:1
u @ WAServiceMainContext.js?t=wechat&s=1767495668499&v=3.13.1:1
(anonymous) @ WAServiceMainContext.js?t=wechat&s=1767495668499&v=3.13.1:1
ae @ WAServiceMainContext.js?t=wechat&s=1767495668499&v=3.13.1:1
Ce @ WAServiceMainContext.js?t=wechat&s=1767495668499&v=3.13.1:1
Se @ WAServiceMainContext.js?t=wechat&s=1767495668499&v=3.13.1:1
g @ WAServiceMainContext.js?t=wechat&s=1767495668499&v=3.13.1:1
we @ WAServiceMainContext.js?t=wechat&s=1767495668499&v=3.13.1:1
N @ WAServiceMainContext.js?t=wechat&s=1767495668499&v=3.13.1:1
createRequestTask @ WAServiceMainContext.js?t=wechat&s=1767495668499&v=3.13.1:1
execute @ WAServiceMainContext.js?t=wechat&s=1767495668499&v=3.13.1:1
(anonymous) @ WAServiceMainContext.js?t=wechat&s=1767495668499&v=3.13.1:1
request @ VM7129:1
h @ VM7129:1
streamText @ VM7129:1
async function (async)
streamText @ VM7129:1
streamGenerateReport @ ai.js? [sm]:29
startGeneration @ result.js:77
async function (async)
startGeneration @ result.js:62
onLoad @ result.js:31
(anonymous) @ WASubContext.js?t=wechat&s=1767495668499&v=3.13.1:1
s.__callPageLifeTime__ @ WASubContext.js?t=wechat&s=1767495668499&v=3.13.1:1
(anonymous) @ WASubContext.js?t=wechat&s=1767495668499&v=3.13.1:1
(anonymous) @ WASubContext.js?t=wechat&s=1767495668499&v=3.13.1:1
(anonymous) @ WASubContext.js?t=wechat&s=1767495668499&v=3.13.1:1
(anonymous) @ WASubContext.js?t=wechat&s=1767495668499&v=3.13.1:1
(anonymous) @ WASubContext.js?t=wechat&s=1767495668499&v=3.13.1:1
(anonymous) @ WASubContext.js?t=wechat&s=1767495668499&v=3.13.1:1
wr @ WASubContext.js?t=wechat&s=1767495668499&v=3.13.1:1
(anonymous) @ WASubContext.js?t=wechat&s=1767495668499&v=3.13.1:1
c.emit @ WAServiceMainContext.js?t=wechat&s=1767495668499&v=3.13.1:1
emitInternal @ WAServiceMainContext.js?t=wechat&s=1767495668499&v=3.13.1:1
p @ WAServiceMainContext.js?t=wechat&s=1767495668499&v=3.13.1:1
b @ WAServiceMainContext.js?t=wechat&s=1767495668499&v=3.13.1:1
D @ WAServiceMainContext.js?t=wechat&s=1767495668499&v=3.13.1:1
(anonymous) @ WAServiceMainContext.js?t=wechat&s=1767495668499&v=3.13.1:1
(anonymous) @ WAServiceMainContext.js?t=wechat&s=1767495668499&v=3.13.1:1
c.emit @ WAServiceMainContext.js?t=wechat&s=1767495668499&v=3.13.1:1
emit @ WAServiceMainContext.js?t=wechat&s=1767495668499&v=3.13.1:1
(anonymous) @ WAServiceMainContext.js?t=wechat&s=1767495668499&v=3.13.1:1
(anonymous) @ WAServiceMainContext.js?t=wechat&s=1767495668499&v=3.13.1:1
(anonymous) @ WAServiceMainContext.js?t=wechat&s=1767495668499&v=3.13.1:1
(anonymous) @ WAServiceMainContext.js?t=wechat&s=1767495668499&v=3.13.1:1
_emit @ WAServiceMainContext.js?t=wechat&s=1767495668499&v=3.13.1:1
emit @ WAServiceMainContext.js?t=wechat&s=1767495668499&v=3.13.1:1
c @ VM9 asdebug.js:1
d @ VM9 asdebug.js:1
(anonymous) @ VM9 asdebug.js:1
g @ VM9 asdebug.js:1
f @ VM9 asdebug.js:1
(anonymous) @ VM9 asdebug.js:1
_ws.onmessage @ VM9 asdebug.js:1
Show 26 more frames
result.js:131 Generation failed Error: cloud.callFunction:fail Error: Failed to fetch (callId: 1767496204030-0.44317928420813524) (trace: 11:10:4 start->11:10:6 system error (Error: Failed to fetch), retry->11:10:6 system error (Error: Failed to fetch), retry->11:10:8 system error (Error: Failed to fetch), abort)
    at N (<anonymous>:1:255194)
    at <anonymous>:1:293136(env: Windows,mp,1.06.2303220; lib: 3.13.1)
startGeneration @ result.js:131
async function (async)
startGeneration @ result.js:62
onLoad @ result.js:31
(anonymous) @ WASubContext.js?t=wechat&s=1767495668499&v=3.13.1:1
s.__callPageLifeTime__ @ WASubContext.js?t=wechat&s=1767495668499&v=3.13.1:1
(anonymous) @ WASubContext.js?t=wechat&s=1767495668499&v=3.13.1:1
(anonymous) @ WASubContext.js?t=wechat&s=1767495668499&v=3.13.1:1
(anonymous) @ WASubContext.js?t=wechat&s=1767495668499&v=3.13.1:1
(anonymous) @ WASubContext.js?t=wechat&s=1767495668499&v=3.13.1:1
(anonymous) @ WASubContext.js?t=wechat&s=1767495668499&v=3.13.1:1
(anonymous) @ WASubContext.js?t=wechat&s=1767495668499&v=3.13.1:1
wr @ WASubContext.js?t=wechat&s=1767495668499&v=3.13.1:1
(anonymous) @ WASubContext.js?t=wechat&s=1767495668499&v=3.13.1:1
c.emit @ WAServiceMainContext.js?t=wechat&s=1767495668499&v=3.13.1:1
emitInternal @ WAServiceMainContext.js?t=wechat&s=1767495668499&v=3.13.1:1
p @ WAServiceMainContext.js?t=wechat&s=1767495668499&v=3.13.1:1
b @ WAServiceMainContext.js?t=wechat&s=1767495668499&v=3.13.1:1
D @ WAServiceMainContext.js?t=wechat&s=1767495668499&v=3.13.1:1
(anonymous) @ WAServiceMainContext.js?t=wechat&s=1767495668499&v=3.13.1:1
(anonymous) @ WAServiceMainContext.js?t=wechat&s=1767495668499&v=3.13.1:1
c.emit @ WAServiceMainContext.js?t=wechat&s=1767495668499&v=3.13.1:1
emit @ WAServiceMainContext.js?t=wechat&s=1767495668499&v=3.13.1:1
(anonymous) @ WAServiceMainContext.js?t=wechat&s=1767495668499&v=3.13.1:1
(anonymous) @ WAServiceMainContext.js?t=wechat&s=1767495668499&v=3.13.1:1
(anonymous) @ WAServiceMainContext.js?t=wechat&s=1767495668499&v=3.13.1:1
(anonymous) @ WAServiceMainContext.js?t=wechat&s=1767495668499&v=3.13.1:1
_emit @ WAServiceMainContext.js?t=wechat&s=1767495668499&v=3.13.1:1
emit @ WAServiceMainContext.js?t=wechat&s=1767495668499&v=3.13.1:1
c @ VM9 asdebug.js:1
d @ VM9 asdebug.js:1
(anonymous) @ VM9 asdebug.js:1
g @ VM9 asdebug.js:1
f @ VM9 asdebug.js:1
(anonymous) @ VM9 asdebug.js:1
_ws.onmessage @ VM9 asdebug.js:1
Show 5 more frames
worker.js?libName=WAAccelerateWorker.js:1 [worker] reportRealtimeAction:fail not support
t.workerInvokeJsApi @ worker.js?libName=WAAccelerateWorker.js:1
U @ WAWorker.js:1
invoke @ WAWorker.js:1
invoke @ WAWorker.js:1
G @ WAWorker.js:1
(anonymous) @ WAWorker.js:1
qe @ WAWorker.js:1
Q @ WAWorker.js:1
f @ WAWorker.js:1
(anonymous) @ WAWorker.js:1
(anonymous) @ WAWorker.js:1
setTimeout (async)
globalThis.setTimeout @ WAWorker.js:1
Y @ WAWorker.js:1
De @ WAWorker.js:1
(anonymous) @ WAWorker.js:1
r @ WAWorker.js:1
s @ WAWorker.js:1
callAndRemove @ WAWorker.js:1
invokeCallbackHandler @ WAWorker.js:1
eval @ VM11:1
t.onmessage @ worker.js?libName=WAAccelerateWorker.js:1
