[Deprecation] SharedArrayBuffer will require cross-origin isolation as of M92, around July 2021. See https://developer.chrome.com/blog/enabling-shared-array-buffer/ for more details.
[system] WeChatLib: 3.13.1 (2025.12.30 12:32:36)
TypeError: LifeCycle.start fail: Cannot read property 'brand' of null
    at c (WAServiceMainContext.js?t=wechat&s=1767510705457&v=3.13.1:1)
    at c (WAServiceMainContext.js?t=wechat&s=1767510705457&v=3.13.1:1)
    at l (WAServiceMainContext.js?t=wechat&s=1767510705457&v=3.13.1:1)
    at u (WAServiceMainContext.js?t=wechat&s=1767510705457&v=3.13.1:1)
    at WAServiceMainContext.js?t=wechat&s=1767510705457&v=3.13.1:1
    at WAServiceMainContext.js?t=wechat&s=1767510705457&v=3.13.1:1
    at Array.forEach (<anonymous>)
    at WAServiceMainContext.js?t=wechat&s=1767510705457&v=3.13.1:1
    at Object.a [as cb] (WAServiceMainContext.js?t=wechat&s=1767510705457&v=3.13.1:1)
    at J._privEmit (WAServiceMainContext.js?t=wechat&s=1767510705457&v=3.13.1:1)(env: Windows,mp,1.06.2412050; lib: 3.13.1)
Lazy code loading is enabled. Only injecting required components.
SyntaxError: Unexpected token 'export'
    at loadScriptSync (VM606 getmainpackage.js:470)
    at VM606 getmainpackage.js:473
    at VM606 getmainpackage.js:531(env: Windows,mp,1.06.2412050; lib: 3.13.1)
SyntaxError: Unexpected token 'export'
    at loadScriptSync (VM606 getmainpackage.js:470)
    at VM606 getmainpackage.js:473
    at VM606 getmainpackage.js:531(env: Windows,mp,1.06.2412050; lib: 3.13.1)
SyntaxError: Unexpected token 'export'
    at loadScriptSync (VM606 getmainpackage.js:470)
    at VM606 getmainpackage.js:473
    at VM606 getmainpackage.js:531(env: Windows,mp,1.06.2412050; lib: 3.13.1)
SyntaxError: Unexpected token 'export'
    at loadScriptSync (VM606 getmainpackage.js:470)
    at VM606 getmainpackage.js:473
    at VM606 getmainpackage.js:531(env: Windows,mp,1.06.2412050; lib: 3.13.1)
SyntaxError: Unexpected token 'export'
    at loadScriptSync (VM606 getmainpackage.js:470)
    at VM606 getmainpackage.js:473
    at VM606 getmainpackage.js:531(env: Windows,mp,1.06.2412050; lib: 3.13.1)
SyntaxError: Unexpected token 'export'
    at loadScriptSync (VM606 getmainpackage.js:470)
    at VM606 getmainpackage.js:473
    at VM606 getmainpackage.js:531(env: Windows,mp,1.06.2412050; lib: 3.13.1)
SyntaxError: Cannot use import statement outside a module
    at loadScriptSync (VM606 getmainpackage.js:470)
    at VM606 getmainpackage.js:473
    at VM606 getmainpackage.js:531(env: Windows,mp,1.06.2412050; lib: 3.13.1)
SyntaxError: Cannot use import statement outside a module
    at loadScriptSync (VM606 getmainpackage.js:470)
    at VM606 getmainpackage.js:473
    at VM606 getmainpackage.js:531(env: Windows,mp,1.06.2412050; lib: 3.13.1)
SyntaxError: Unexpected token 'export'
    at loadScriptSync (VM606 getmainpackage.js:470)
    at VM606 getmainpackage.js:473
    at VM606 getmainpackage.js:531(env: Windows,mp,1.06.2412050; lib: 3.13.1)
SyntaxError: Unexpected token 'export'
    at loadScriptSync (VM606 getmainpackage.js:470)
    at VM606 getmainpackage.js:473
    at VM606 getmainpackage.js:531(env: Windows,mp,1.06.2412050; lib: 3.13.1)
SyntaxError: Cannot use import statement outside a module
    at loadScriptSync (VM606 getmainpackage.js:470)
    at VM606 getmainpackage.js:473
    at VM606 getmainpackage.js:531(env: Windows,mp,1.06.2412050; lib: 3.13.1)
SyntaxError: Cannot use import statement outside a module
    at loadScriptSync (VM606 getmainpackage.js:470)
    at VM606 getmainpackage.js:473
    at VM606 getmainpackage.js:531(env: Windows,mp,1.06.2412050; lib: 3.13.1)
SyntaxError: Unexpected token 'export'
    at loadScriptSync (VM606 getmainpackage.js:470)
    at VM606 getmainpackage.js:473
    at VM606 getmainpackage.js:531(env: Windows,mp,1.06.2412050; lib: 3.13.1)
SyntaxError: Unexpected token 'export'
    at loadScriptSync (VM606 getmainpackage.js:470)
    at VM606 getmainpackage.js:473
    at VM606 getmainpackage.js:531(env: Windows,mp,1.06.2412050; lib: 3.13.1)
SyntaxError: Unexpected token 'export'
    at loadScriptSync (VM606 getmainpackage.js:470)
    at VM606 getmainpackage.js:473
    at VM606 getmainpackage.js:531(env: Windows,mp,1.06.2412050; lib: 3.13.1)
SyntaxError: Unexpected token 'export'
    at loadScriptSync (VM606 getmainpackage.js:470)
    at VM606 getmainpackage.js:473
    at VM606 getmainpackage.js:531(env: Windows,mp,1.06.2412050; lib: 3.13.1)
SyntaxError: Cannot use import statement outside a module
    at loadScriptSync (VM606 getmainpackage.js:470)
    at VM606 getmainpackage.js:473
    at VM606 getmainpackage.js:531(env: Windows,mp,1.06.2412050; lib: 3.13.1)
SyntaxError: Cannot use import statement outside a module
    at loadScriptSync (VM606 getmainpackage.js:470)
    at VM606 getmainpackage.js:473
    at VM606 getmainpackage.js:531(env: Windows,mp,1.06.2412050; lib: 3.13.1)
SyntaxError: Unexpected token 'export'
    at loadScriptSync (VM606 getmainpackage.js:470)
    at VM606 getmainpackage.js:473
    at VM606 getmainpackage.js:531(env: Windows,mp,1.06.2412050; lib: 3.13.1)
SyntaxError: Unexpected token 'export'
    at loadScriptSync (VM606 getmainpackage.js:470)
    at VM606 getmainpackage.js:473
    at VM606 getmainpackage.js:531(env: Windows,mp,1.06.2412050; lib: 3.13.1)
SyntaxError: Cannot use import statement outside a module
    at loadScriptSync (VM606 getmainpackage.js:470)
    at VM606 getmainpackage.js:473
    at VM606 getmainpackage.js:531(env: Windows,mp,1.06.2412050; lib: 3.13.1)
SyntaxError: Cannot use import statement outside a module
    at loadScriptSync (VM606 getmainpackage.js:470)
    at VM606 getmainpackage.js:473
    at VM606 getmainpackage.js:531(env: Windows,mp,1.06.2412050; lib: 3.13.1)
SyntaxError: Unexpected token 'export'
    at loadScriptSync (VM606 getmainpackage.js:470)
    at VM606 getmainpackage.js:473
    at VM606 getmainpackage.js:531(env: Windows,mp,1.06.2412050; lib: 3.13.1)
SyntaxError: Unexpected token 'export'
    at loadScriptSync (VM606 getmainpackage.js:470)
    at VM606 getmainpackage.js:473
    at VM606 getmainpackage.js:531(env: Windows,mp,1.06.2412050; lib: 3.13.1)
SyntaxError: Unexpected token 'export'
    at loadScriptSync (VM606 getmainpackage.js:470)
    at VM606 getmainpackage.js:473
    at VM606 getmainpackage.js:531(env: Windows,mp,1.06.2412050; lib: 3.13.1)
SyntaxError: Unexpected token 'export'
    at loadScriptSync (VM606 getmainpackage.js:470)
    at VM606 getmainpackage.js:473
    at VM606 getmainpackage.js:531(env: Windows,mp,1.06.2412050; lib: 3.13.1)
SyntaxError: Unexpected token 'export'
    at loadScriptSync (VM606 getmainpackage.js:470)
    at VM606 getmainpackage.js:473
    at VM606 getmainpackage.js:531(env: Windows,mp,1.06.2412050; lib: 3.13.1)
SyntaxError: Unexpected token 'export'
    at loadScriptSync (VM606 getmainpackage.js:470)
    at VM606 getmainpackage.js:473
    at VM606 getmainpackage.js:531(env: Windows,mp,1.06.2412050; lib: 3.13.1)
SyntaxError: Unexpected token 'export'
    at loadScriptSync (VM606 getmainpackage.js:470)
    at VM606 getmainpackage.js:473
    at VM606 getmainpackage.js:531(env: Windows,mp,1.06.2412050; lib: 3.13.1)
SyntaxError: Unexpected token 'export'
    at loadScriptSync (VM606 getmainpackage.js:470)
    at VM606 getmainpackage.js:473
    at VM606 getmainpackage.js:531(env: Windows,mp,1.06.2412050; lib: 3.13.1)
SyntaxError: Unexpected token 'export'
    at loadScriptSync (VM606 getmainpackage.js:470)
    at VM606 getmainpackage.js:473
    at VM606 getmainpackage.js:531(env: Windows,mp,1.06.2412050; lib: 3.13.1)
SyntaxError: Unexpected token 'export'
    at loadScriptSync (VM606 getmainpackage.js:470)
    at VM606 getmainpackage.js:473
    at VM606 getmainpackage.js:531(env: Windows,mp,1.06.2412050; lib: 3.13.1)
Error: getLaunchOptionsSync:fail get launch options
    at Object.v [as getLaunchOptionsSync] (WAServiceMainContext.js?t=wechat&s=1767510705457&v=3.13.1:1)
    at d.loadScripts (index.js:1)(env: Windows,mp,1.06.2412050; lib: 3.13.1)
(anonymous) @ VM627 app.js:5
async function (async)
(anonymous) @ appservice.app.js:5
[基础库] 正在使用灰度中的基础库 3.13.1 进行调试。如有问题，请前往工具栏-详情-本地设置更改基础库版本。
SyntaxError: Unexpected token 'export'
    at loadScriptSync (VM606 getmainpackage.js:470)
    at VM606 getmainpackage.js:473
    at VM606 getmainpackage.js:531(env: Windows,mp,1.06.2412050; lib: 3.13.1)
(anonymous) @ VM597:542
SyntaxError: Unexpected token 'export'
    at loadScriptSync (VM606 getmainpackage.js:470)
    at VM606 getmainpackage.js:473
    at VM606 getmainpackage.js:531(env: Windows,mp,1.06.2412050; lib: 3.13.1)
(anonymous) @ VM597:542
SyntaxError: Unexpected token 'export'
    at loadScriptSync (VM606 getmainpackage.js:470)
    at VM606 getmainpackage.js:473
    at VM606 getmainpackage.js:531(env: Windows,mp,1.06.2412050; lib: 3.13.1)
(anonymous) @ VM597:542
SyntaxError: Unexpected token 'export'
    at loadScriptSync (VM606 getmainpackage.js:470)
    at VM606 getmainpackage.js:473
    at VM606 getmainpackage.js:531(env: Windows,mp,1.06.2412050; lib: 3.13.1)
(anonymous) @ VM597:542
SyntaxError: Unexpected token 'export'
    at loadScriptSync (VM606 getmainpackage.js:470)
    at VM606 getmainpackage.js:473
    at VM606 getmainpackage.js:531(env: Windows,mp,1.06.2412050; lib: 3.13.1)
(anonymous) @ VM597:542
SyntaxError: Unexpected token 'export'
    at loadScriptSync (VM606 getmainpackage.js:470)
    at VM606 getmainpackage.js:473
    at VM606 getmainpackage.js:531(env: Windows,mp,1.06.2412050; lib: 3.13.1)
(anonymous) @ VM597:542
SyntaxError: Cannot use import statement outside a module
    at loadScriptSync (VM606 getmainpackage.js:470)
    at VM606 getmainpackage.js:473
    at VM606 getmainpackage.js:531(env: Windows,mp,1.06.2412050; lib: 3.13.1)
(anonymous) @ VM597:542
SyntaxError: Cannot use import statement outside a module
    at loadScriptSync (VM606 getmainpackage.js:470)
    at VM606 getmainpackage.js:473
    at VM606 getmainpackage.js:531(env: Windows,mp,1.06.2412050; lib: 3.13.1)
(anonymous) @ VM597:542
SyntaxError: Unexpected token 'export'
    at loadScriptSync (VM606 getmainpackage.js:470)
    at VM606 getmainpackage.js:473
    at VM606 getmainpackage.js:531(env: Windows,mp,1.06.2412050; lib: 3.13.1)
(anonymous) @ VM597:542
SyntaxError: Unexpected token 'export'
    at loadScriptSync (VM606 getmainpackage.js:470)
    at VM606 getmainpackage.js:473
    at VM606 getmainpackage.js:531(env: Windows,mp,1.06.2412050; lib: 3.13.1)
(anonymous) @ VM597:542
SyntaxError: Cannot use import statement outside a module
    at loadScriptSync (VM606 getmainpackage.js:470)
    at VM606 getmainpackage.js:473
    at VM606 getmainpackage.js:531(env: Windows,mp,1.06.2412050; lib: 3.13.1)
(anonymous) @ VM597:542
SyntaxError: Cannot use import statement outside a module
    at loadScriptSync (VM606 getmainpackage.js:470)
    at VM606 getmainpackage.js:473
    at VM606 getmainpackage.js:531(env: Windows,mp,1.06.2412050; lib: 3.13.1)
(anonymous) @ VM597:542
SyntaxError: Unexpected token 'export'
    at loadScriptSync (VM606 getmainpackage.js:470)
    at VM606 getmainpackage.js:473
    at VM606 getmainpackage.js:531(env: Windows,mp,1.06.2412050; lib: 3.13.1)
(anonymous) @ VM597:542
SyntaxError: Unexpected token 'export'
    at loadScriptSync (VM606 getmainpackage.js:470)
    at VM606 getmainpackage.js:473
    at VM606 getmainpackage.js:531(env: Windows,mp,1.06.2412050; lib: 3.13.1)
(anonymous) @ VM597:542
SyntaxError: Unexpected token 'export'
    at loadScriptSync (VM606 getmainpackage.js:470)
    at VM606 getmainpackage.js:473
    at VM606 getmainpackage.js:531(env: Windows,mp,1.06.2412050; lib: 3.13.1)
(anonymous) @ VM597:542
SyntaxError: Unexpected token 'export'
    at loadScriptSync (VM606 getmainpackage.js:470)
    at VM606 getmainpackage.js:473
    at VM606 getmainpackage.js:531(env: Windows,mp,1.06.2412050; lib: 3.13.1)
(anonymous) @ VM597:542
SyntaxError: Cannot use import statement outside a module
    at loadScriptSync (VM606 getmainpackage.js:470)
    at VM606 getmainpackage.js:473
    at VM606 getmainpackage.js:531(env: Windows,mp,1.06.2412050; lib: 3.13.1)
(anonymous) @ VM597:542
SyntaxError: Cannot use import statement outside a module
    at loadScriptSync (VM606 getmainpackage.js:470)
    at VM606 getmainpackage.js:473
    at VM606 getmainpackage.js:531(env: Windows,mp,1.06.2412050; lib: 3.13.1)
(anonymous) @ VM597:542
SyntaxError: Unexpected token 'export'
    at loadScriptSync (VM606 getmainpackage.js:470)
    at VM606 getmainpackage.js:473
    at VM606 getmainpackage.js:531(env: Windows,mp,1.06.2412050; lib: 3.13.1)
(anonymous) @ VM597:542
SyntaxError: Unexpected token 'export'
    at loadScriptSync (VM606 getmainpackage.js:470)
    at VM606 getmainpackage.js:473
    at VM606 getmainpackage.js:531(env: Windows,mp,1.06.2412050; lib: 3.13.1)
(anonymous) @ VM597:542
SyntaxError: Cannot use import statement outside a module
    at loadScriptSync (VM606 getmainpackage.js:470)
    at VM606 getmainpackage.js:473
    at VM606 getmainpackage.js:531(env: Windows,mp,1.06.2412050; lib: 3.13.1)
(anonymous) @ VM597:542
SyntaxError: Cannot use import statement outside a module
    at loadScriptSync (VM606 getmainpackage.js:470)
    at VM606 getmainpackage.js:473
    at VM606 getmainpackage.js:531(env: Windows,mp,1.06.2412050; lib: 3.13.1)
(anonymous) @ VM597:542
SyntaxError: Unexpected token 'export'
    at loadScriptSync (VM606 getmainpackage.js:470)
    at VM606 getmainpackage.js:473
    at VM606 getmainpackage.js:531(env: Windows,mp,1.06.2412050; lib: 3.13.1)
(anonymous) @ VM597:542
SyntaxError: Unexpected token 'export'
    at loadScriptSync (VM606 getmainpackage.js:470)
    at VM606 getmainpackage.js:473
    at VM606 getmainpackage.js:531(env: Windows,mp,1.06.2412050; lib: 3.13.1)
(anonymous) @ VM597:542
SyntaxError: Unexpected token 'export'
    at loadScriptSync (VM606 getmainpackage.js:470)
    at VM606 getmainpackage.js:473
    at VM606 getmainpackage.js:531(env: Windows,mp,1.06.2412050; lib: 3.13.1)
(anonymous) @ VM597:542
SyntaxError: Unexpected token 'export'
    at loadScriptSync (VM606 getmainpackage.js:470)
    at VM606 getmainpackage.js:473
    at VM606 getmainpackage.js:531(env: Windows,mp,1.06.2412050; lib: 3.13.1)
(anonymous) @ VM597:542
SyntaxError: Unexpected token 'export'
    at loadScriptSync (VM606 getmainpackage.js:470)
    at VM606 getmainpackage.js:473
    at VM606 getmainpackage.js:531(env: Windows,mp,1.06.2412050; lib: 3.13.1)
(anonymous) @ VM597:542
SyntaxError: Unexpected token 'export'
    at loadScriptSync (VM606 getmainpackage.js:470)
    at VM606 getmainpackage.js:473
    at VM606 getmainpackage.js:531(env: Windows,mp,1.06.2412050; lib: 3.13.1)
(anonymous) @ VM597:542
SyntaxError: Unexpected token 'export'
    at loadScriptSync (VM606 getmainpackage.js:470)
    at VM606 getmainpackage.js:473
    at VM606 getmainpackage.js:531(env: Windows,mp,1.06.2412050; lib: 3.13.1)
(anonymous) @ VM597:542
SyntaxError: Unexpected token 'export'
    at loadScriptSync (VM606 getmainpackage.js:470)
    at VM606 getmainpackage.js:473
    at VM606 getmainpackage.js:531(env: Windows,mp,1.06.2412050; lib: 3.13.1)
(anonymous) @ VM597:542
SyntaxError: Unexpected token 'export'
    at loadScriptSync (VM606 getmainpackage.js:470)
    at VM606 getmainpackage.js:473
    at VM606 getmainpackage.js:531(env: Windows,mp,1.06.2412050; lib: 3.13.1)
(anonymous) @ VM597:542
SyntaxError: Unexpected token 'export'
    at loadScriptSync (VM606 getmainpackage.js:470)
    at VM606 getmainpackage.js:473
    at VM606 getmainpackage.js:531(env: Windows,mp,1.06.2412050; lib: 3.13.1)
(anonymous) @ VM597:542
Sun Jan 04 2026 15:14:16 GMT+0800 (香港标准时间) Page route 错误(system error)
routeDone with a webviewId 5 is not found(env: Windows,mp,1.06.2412050; lib: 3.13.1)
TypeError: Cannot read property 'screenHeight' of null
    at _se (WAServiceMainContext.js?t=wechat&s=1767510705457&v=3.13.1:1)
    at WAServiceMainContext.js?t=wechat&s=1767510705457&v=3.13.1:1
    at c.<anonymous> (WAServiceMainContext.js?t=wechat&s=1767510705457&v=3.13.1:1)
    at c.emit (WAServiceMainContext.js?t=wechat&s=1767510705457&v=3.13.1:1)
    at Object.emit (WAServiceMainContext.js?t=wechat&s=1767510705457&v=3.13.1:1)
    at WAServiceMainContext.js?t=wechat&s=1767510705457&v=3.13.1:1
    at WAServiceMainContext.js?t=wechat&s=1767510705457&v=3.13.1:1
    at WAServiceMainContext.js?t=wechat&s=1767510705457&v=3.13.1:1
    at WAServiceMainContext.js?t=wechat&s=1767510705457&v=3.13.1:1
    at n._emit (WAServiceMainContext.js?t=wechat&s=1767510705457&v=3.13.1:1)(env: Windows,mp,1.06.2412050; lib: 3.13.1)
Error: TypeError: Failed to fetch
    at new <anonymous> (WAServiceMainContext.js?t=wechat&s=1767510705457&v=3.13.1:1)
    at Function.fail (WAServiceMainContext.js?t=wechat&s=1767510705457&v=3.13.1:1)
    at p (WAServiceMainContext.js?t=wechat&s=1767510705457&v=3.13.1:1)
    at Object.fail (WAServiceMainContext.js?t=wechat&s=1767510705457&v=3.13.1:1)
    at WAServiceMainContext.js?t=wechat&s=1767510705457&v=3.13.1:1
    at G (WAServiceMainContext.js?t=wechat&s=1767510705457&v=3.13.1:1)
    at WAServiceMainContext.js?t=wechat&s=1767510705457&v=3.13.1:1
    at r (WAServiceMainContext.js?t=wechat&s=1767510705457&v=3.13.1:1)
    at s (WAServiceMainContext.js?t=wechat&s=1767510705457&v=3.13.1:1)(env: Windows,mp,1.06.2412050; lib: 3.13.1)
Component is not found in path "miniprogram_npm/tdesign-miniprogram/tab-bar/tab-bar" (using by "custom-tab-bar/index").(env: Windows,mp,1.06.2412050; lib: 3.13.1)
Component is not found in path "miniprogram_npm/tdesign-miniprogram/tab-bar-item/tab-bar-item" (using by "custom-tab-bar/index").(env: Windows,mp,1.06.2412050; lib: 3.13.1)
Component is not found in path "miniprogram_npm/tdesign-miniprogram/icon/icon" (using by "custom-tab-bar/index").(env: Windows,mp,1.06.2412050; lib: 3.13.1)
